running egg_info
writing ../build/ur3_vision_control/ur3_vision_control.egg-info/PKG-INFO
writing dependency_links to ../build/ur3_vision_control/ur3_vision_control.egg-info/dependency_links.txt
writing entry points to ../build/ur3_vision_control/ur3_vision_control.egg-info/entry_points.txt
writing requirements to ../build/ur3_vision_control/ur3_vision_control.egg-info/requires.txt
writing top-level names to ../build/ur3_vision_control/ur3_vision_control.egg-info/top_level.txt
reading manifest file '../build/ur3_vision_control/ur3_vision_control.egg-info/SOURCES.txt'
writing manifest file '../build/ur3_vision_control/ur3_vision_control.egg-info/SOURCES.txt'
running build
running build_py
running install
running install_lib
running install_data
copying launch/launch.py -> /home/delia/Documents/MUAR/ProyectoREC/ur3_vision_control/install/ur3_vision_control/share/ur3_vision_control/launch
running install_egg_info
removing '/home/delia/Documents/MUAR/ProyectoREC/ur3_vision_control/install/ur3_vision_control/lib/python3.10/site-packages/ur3_vision_control-0.0.0-py3.10.egg-info' (and everything under it)
Copying ../build/ur3_vision_control/ur3_vision_control.egg-info to /home/delia/Documents/MUAR/ProyectoREC/ur3_vision_control/install/ur3_vision_control/lib/python3.10/site-packages/ur3_vision_control-0.0.0-py3.10.egg-info
running install_scripts
Installing inicio script to /home/delia/Documents/MUAR/ProyectoREC/ur3_vision_control/install/ur3_vision_control/lib/ur3_vision_control
Installing ur3_controller script to /home/delia/Documents/MUAR/ProyectoREC/ur3_vision_control/install/ur3_vision_control/lib/ur3_vision_control
Installing ur3_moveit_test script to /home/delia/Documents/MUAR/ProyectoREC/ur3_vision_control/install/ur3_vision_control/lib/ur3_vision_control
Installing ur3_pick_sort script to /home/delia/Documents/MUAR/ProyectoREC/ur3_vision_control/install/ur3_vision_control/lib/ur3_vision_control
Installing vision_fake script to /home/delia/Documents/MUAR/ProyectoREC/ur3_vision_control/install/ur3_vision_control/lib/ur3_vision_control
Installing vision_fake_sort script to /home/delia/Documents/MUAR/ProyectoREC/ur3_vision_control/install/ur3_vision_control/lib/ur3_vision_control
writing list of installed files to '/home/delia/Documents/MUAR/ProyectoREC/ur3_vision_control/build/ur3_vision_control/install.log'
