[0.395s] Invoking command in '/home/delia/Documents/MUAR/ProyectoREC/ur3_vision_control/ur3_vision_control': PYTHONPATH=/home/delia/Documents/MUAR/ProyectoREC/ur3_vision_control/build/ur3_vision_control/prefix_override:/usr/lib/python3/dist-packages/colcon_core/task/python/colcon_distutils_commands:/home/delia/Documents/MUAR/ProyectoREC/ur3_vision_control/install/ur3_vision_control/lib/python3.10/site-packages:${PYTHONPATH} /usr/bin/python3 -W ignore:setup.py install is deprecated -W ignore:easy_install command is deprecated setup.py egg_info --egg-base ../build/ur3_vision_control build --build-base /home/delia/Documents/MUAR/ProyectoREC/ur3_vision_control/build/ur3_vision_control/build install --record /home/delia/Documents/MUAR/ProyectoREC/ur3_vision_control/build/ur3_vision_control/install.log --single-version-externally-managed install_data
[0.542s] running egg_info
[0.543s] writing ../build/ur3_vision_control/ur3_vision_control.egg-info/PKG-INFO
[0.543s] writing dependency_links to ../build/ur3_vision_control/ur3_vision_control.egg-info/dependency_links.txt
[0.543s] writing entry points to ../build/ur3_vision_control/ur3_vision_control.egg-info/entry_points.txt
[0.543s] writing requirements to ../build/ur3_vision_control/ur3_vision_control.egg-info/requires.txt
[0.543s] writing top-level names to ../build/ur3_vision_control/ur3_vision_control.egg-info/top_level.txt
[0.545s] reading manifest file '../build/ur3_vision_control/ur3_vision_control.egg-info/SOURCES.txt'
[0.546s] writing manifest file '../build/ur3_vision_control/ur3_vision_control.egg-info/SOURCES.txt'
[0.546s] running build
[0.546s] running build_py
[0.547s] running install
[0.547s] running install_lib
[0.548s] running install_data
[0.548s] copying launch/launch.py -> /home/delia/Documents/MUAR/ProyectoREC/ur3_vision_control/install/ur3_vision_control/share/ur3_vision_control/launch
[0.548s] running install_egg_info
[0.550s] removing '/home/delia/Documents/MUAR/ProyectoREC/ur3_vision_control/install/ur3_vision_control/lib/python3.10/site-packages/ur3_vision_control-0.0.0-py3.10.egg-info' (and everything under it)
[0.550s] Copying ../build/ur3_vision_control/ur3_vision_control.egg-info to /home/delia/Documents/MUAR/ProyectoREC/ur3_vision_control/install/ur3_vision_control/lib/python3.10/site-packages/ur3_vision_control-0.0.0-py3.10.egg-info
[0.551s] running install_scripts
[0.570s] Installing inicio script to /home/delia/Documents/MUAR/ProyectoREC/ur3_vision_control/install/ur3_vision_control/lib/ur3_vision_control
[0.570s] Installing ur3_controller script to /home/delia/Documents/MUAR/ProyectoREC/ur3_vision_control/install/ur3_vision_control/lib/ur3_vision_control
[0.570s] Installing ur3_moveit_test script to /home/delia/Documents/MUAR/ProyectoREC/ur3_vision_control/install/ur3_vision_control/lib/ur3_vision_control
[0.570s] Installing ur3_pick_sort script to /home/delia/Documents/MUAR/ProyectoREC/ur3_vision_control/install/ur3_vision_control/lib/ur3_vision_control
[0.570s] Installing vision_fake script to /home/delia/Documents/MUAR/ProyectoREC/ur3_vision_control/install/ur3_vision_control/lib/ur3_vision_control
[0.571s] Installing vision_fake_sort script to /home/delia/Documents/MUAR/ProyectoREC/ur3_vision_control/install/ur3_vision_control/lib/ur3_vision_control
[0.571s] writing list of installed files to '/home/delia/Documents/MUAR/ProyectoREC/ur3_vision_control/build/ur3_vision_control/install.log'
[0.587s] Invoked command in '/home/delia/Documents/MUAR/ProyectoREC/ur3_vision_control/ur3_vision_control' returned '0': PYTHONPATH=/home/delia/Documents/MUAR/ProyectoREC/ur3_vision_control/build/ur3_vision_control/prefix_override:/usr/lib/python3/dist-packages/colcon_core/task/python/colcon_distutils_commands:/home/delia/Documents/MUAR/ProyectoREC/ur3_vision_control/install/ur3_vision_control/lib/python3.10/site-packages:${PYTHONPATH} /usr/bin/python3 -W ignore:setup.py install is deprecated -W ignore:easy_install command is deprecated setup.py egg_info --egg-base ../build/ur3_vision_control build --build-base /home/delia/Documents/MUAR/ProyectoREC/ur3_vision_control/build/ur3_vision_control/build install --record /home/delia/Documents/MUAR/ProyectoREC/ur3_vision_control/build/ur3_vision_control/install.log --single-version-externally-managed install_data
