/home/delia/Documents/MUAR/ProyectoREC/ur3_vision_control/install/ur3_vision_control/lib/python3.10/site-packages/ur3_vision_control/vision_fake_sort.py
/home/delia/Documents/MUAR/ProyectoREC/ur3_vision_control/install/ur3_vision_control/lib/python3.10/site-packages/ur3_vision_control/inicio.py
/home/delia/Documents/MUAR/ProyectoREC/ur3_vision_control/install/ur3_vision_control/lib/python3.10/site-packages/ur3_vision_control/vision_fake.py
/home/delia/Documents/MUAR/ProyectoREC/ur3_vision_control/install/ur3_vision_control/lib/python3.10/site-packages/ur3_vision_control/ur3_controller.py
/home/delia/Documents/MUAR/ProyectoREC/ur3_vision_control/install/ur3_vision_control/lib/python3.10/site-packages/ur3_vision_control/ur3_pick_sort.py
/home/delia/Documents/MUAR/ProyectoREC/ur3_vision_control/install/ur3_vision_control/lib/python3.10/site-packages/ur3_vision_control/ur3_moveit_test.py
/home/delia/Documents/MUAR/ProyectoREC/ur3_vision_control/install/ur3_vision_control/lib/python3.10/site-packages/ur3_vision_control/__init__.py
/home/delia/Documents/MUAR/ProyectoREC/ur3_vision_control/install/ur3_vision_control/lib/python3.10/site-packages/ur3_vision_control/__pycache__/vision_fake_sort.cpython-310.pyc
/home/delia/Documents/MUAR/ProyectoREC/ur3_vision_control/install/ur3_vision_control/lib/python3.10/site-packages/ur3_vision_control/__pycache__/inicio.cpython-310.pyc
/home/delia/Documents/MUAR/ProyectoREC/ur3_vision_control/install/ur3_vision_control/lib/python3.10/site-packages/ur3_vision_control/__pycache__/vision_fake.cpython-310.pyc
/home/delia/Documents/MUAR/ProyectoREC/ur3_vision_control/install/ur3_vision_control/lib/python3.10/site-packages/ur3_vision_control/__pycache__/ur3_controller.cpython-310.pyc
/home/delia/Documents/MUAR/ProyectoREC/ur3_vision_control/install/ur3_vision_control/lib/python3.10/site-packages/ur3_vision_control/__pycache__/ur3_pick_sort.cpython-310.pyc
/home/delia/Documents/MUAR/ProyectoREC/ur3_vision_control/install/ur3_vision_control/lib/python3.10/site-packages/ur3_vision_control/__pycache__/ur3_moveit_test.cpython-310.pyc
/home/delia/Documents/MUAR/ProyectoREC/ur3_vision_control/install/ur3_vision_control/lib/python3.10/site-packages/ur3_vision_control/__pycache__/__init__.cpython-310.pyc
/home/delia/Documents/MUAR/ProyectoREC/ur3_vision_control/install/ur3_vision_control/share/ament_index/resource_index/packages/ur3_vision_control
/home/delia/Documents/MUAR/ProyectoREC/ur3_vision_control/install/ur3_vision_control/share/ur3_vision_control/package.xml
/home/delia/Documents/MUAR/ProyectoREC/ur3_vision_control/install/ur3_vision_control/share/ur3_vision_control/launch/launch.py
/home/delia/Documents/MUAR/ProyectoREC/ur3_vision_control/install/ur3_vision_control/lib/python3.10/site-packages/ur3_vision_control-0.0.0-py3.10.egg-info/PKG-INFO
/home/delia/Documents/MUAR/ProyectoREC/ur3_vision_control/install/ur3_vision_control/lib/python3.10/site-packages/ur3_vision_control-0.0.0-py3.10.egg-info/entry_points.txt
/home/delia/Documents/MUAR/ProyectoREC/ur3_vision_control/install/ur3_vision_control/lib/python3.10/site-packages/ur3_vision_control-0.0.0-py3.10.egg-info/dependency_links.txt
/home/delia/Documents/MUAR/ProyectoREC/ur3_vision_control/install/ur3_vision_control/lib/python3.10/site-packages/ur3_vision_control-0.0.0-py3.10.egg-info/SOURCES.txt
/home/delia/Documents/MUAR/ProyectoREC/ur3_vision_control/install/ur3_vision_control/lib/python3.10/site-packages/ur3_vision_control-0.0.0-py3.10.egg-info/requires.txt
/home/delia/Documents/MUAR/ProyectoREC/ur3_vision_control/install/ur3_vision_control/lib/python3.10/site-packages/ur3_vision_control-0.0.0-py3.10.egg-info/top_level.txt
/home/delia/Documents/MUAR/ProyectoREC/ur3_vision_control/install/ur3_vision_control/lib/python3.10/site-packages/ur3_vision_control-0.0.0-py3.10.egg-info/zip-safe
/home/delia/Documents/MUAR/ProyectoREC/ur3_vision_control/install/ur3_vision_control/lib/ur3_vision_control/inicio
/home/delia/Documents/MUAR/ProyectoREC/ur3_vision_control/install/ur3_vision_control/lib/ur3_vision_control/ur3_controller
/home/delia/Documents/MUAR/ProyectoREC/ur3_vision_control/install/ur3_vision_control/lib/ur3_vision_control/ur3_moveit_test
/home/delia/Documents/MUAR/ProyectoREC/ur3_vision_control/install/ur3_vision_control/lib/ur3_vision_control/ur3_pick_sort
/home/delia/Documents/MUAR/ProyectoREC/ur3_vision_control/install/ur3_vision_control/lib/ur3_vision_control/vision_fake
/home/delia/Documents/MUAR/ProyectoREC/ur3_vision_control/install/ur3_vision_control/lib/ur3_vision_control/vision_fake_sort
