[0.390s] Invoking command in '/home/delia/Documents/MUAR/ProyectoREC/ur3_vision_control/ur3_vision_control': PYTHONPATH=/home/delia/Documents/MUAR/ProyectoREC/ur3_vision_control/build/ur3_vision_control/prefix_override:/usr/lib/python3/dist-packages/colcon_core/task/python/colcon_distutils_commands:/home/delia/Documents/MUAR/ProyectoREC/ur3_vision_control/install/ur3_vision_control/lib/python3.10/site-packages:${PYTHONPATH} /usr/bin/python3 -W ignore:setup.py install is deprecated -W ignore:easy_install command is deprecated setup.py egg_info --egg-base ../build/ur3_vision_control build --build-base /home/delia/Documents/MUAR/ProyectoREC/ur3_vision_control/build/ur3_vision_control/build install --record /home/delia/Documents/MUAR/ProyectoREC/ur3_vision_control/build/ur3_vision_control/install.log --single-version-externally-managed install_data
[0.533s] running egg_info
[0.534s] writing ../build/ur3_vision_control/ur3_vision_control.egg-info/PKG-INFO
[0.534s] writing dependency_links to ../build/ur3_vision_control/ur3_vision_control.egg-info/dependency_links.txt
[0.534s] writing entry points to ../build/ur3_vision_control/ur3_vision_control.egg-info/entry_points.txt
[0.534s] writing requirements to ../build/ur3_vision_control/ur3_vision_control.egg-info/requires.txt
[0.534s] writing top-level names to ../build/ur3_vision_control/ur3_vision_control.egg-info/top_level.txt
[0.536s] reading manifest file '../build/ur3_vision_control/ur3_vision_control.egg-info/SOURCES.txt'
[0.537s] writing manifest file '../build/ur3_vision_control/ur3_vision_control.egg-info/SOURCES.txt'
[0.537s] running build
[0.537s] running build_py
[0.537s] copying ur3_vision_control/ur3_pick_sort.py -> /home/delia/Documents/MUAR/ProyectoREC/ur3_vision_control/build/ur3_vision_control/build/lib/ur3_vision_control
[0.537s] running install
[0.538s] running install_lib
[0.538s] copying /home/delia/Documents/MUAR/ProyectoREC/ur3_vision_control/build/ur3_vision_control/build/lib/ur3_vision_control/ur3_pick_sort.py -> /home/delia/Documents/MUAR/ProyectoREC/ur3_vision_control/install/ur3_vision_control/lib/python3.10/site-packages/ur3_vision_control
[0.539s] byte-compiling /home/delia/Documents/MUAR/ProyectoREC/ur3_vision_control/install/ur3_vision_control/lib/python3.10/site-packages/ur3_vision_control/ur3_pick_sort.py to ur3_pick_sort.cpython-310.pyc
[0.544s] running install_data
[0.544s] running install_egg_info
[0.545s] removing '/home/delia/Documents/MUAR/ProyectoREC/ur3_vision_control/install/ur3_vision_control/lib/python3.10/site-packages/ur3_vision_control-0.0.0-py3.10.egg-info' (and everything under it)
[0.545s] Copying ../build/ur3_vision_control/ur3_vision_control.egg-info to /home/delia/Documents/MUAR/ProyectoREC/ur3_vision_control/install/ur3_vision_control/lib/python3.10/site-packages/ur3_vision_control-0.0.0-py3.10.egg-info
[0.546s] running install_scripts
[0.558s] Installing inicio script to /home/delia/Documents/MUAR/ProyectoREC/ur3_vision_control/install/ur3_vision_control/lib/ur3_vision_control
[0.558s] Installing ur3_controller script to /home/delia/Documents/MUAR/ProyectoREC/ur3_vision_control/install/ur3_vision_control/lib/ur3_vision_control
[0.558s] Installing ur3_moveit_test script to /home/delia/Documents/MUAR/ProyectoREC/ur3_vision_control/install/ur3_vision_control/lib/ur3_vision_control
[0.558s] Installing ur3_pick_sort script to /home/delia/Documents/MUAR/ProyectoREC/ur3_vision_control/install/ur3_vision_control/lib/ur3_vision_control
[0.559s] Installing vision_fake script to /home/delia/Documents/MUAR/ProyectoREC/ur3_vision_control/install/ur3_vision_control/lib/ur3_vision_control
[0.559s] Installing vision_fake_sort script to /home/delia/Documents/MUAR/ProyectoREC/ur3_vision_control/install/ur3_vision_control/lib/ur3_vision_control
[0.559s] writing list of installed files to '/home/delia/Documents/MUAR/ProyectoREC/ur3_vision_control/build/ur3_vision_control/install.log'
[0.574s] Invoked command in '/home/delia/Documents/MUAR/ProyectoREC/ur3_vision_control/ur3_vision_control' returned '0': PYTHONPATH=/home/delia/Documents/MUAR/ProyectoREC/ur3_vision_control/build/ur3_vision_control/prefix_override:/usr/lib/python3/dist-packages/colcon_core/task/python/colcon_distutils_commands:/home/delia/Documents/MUAR/ProyectoREC/ur3_vision_control/install/ur3_vision_control/lib/python3.10/site-packages:${PYTHONPATH} /usr/bin/python3 -W ignore:setup.py install is deprecated -W ignore:easy_install command is deprecated setup.py egg_info --egg-base ../build/ur3_vision_control build --build-base /home/delia/Documents/MUAR/ProyectoREC/ur3_vision_control/build/ur3_vision_control/build install --record /home/delia/Documents/MUAR/ProyectoREC/ur3_vision_control/build/ur3_vision_control/install.log --single-version-externally-managed install_data
