[0.508s] Invoking command in '/home/delia/Documents/MUAR/ProyectoREC/ur3_vision_control/ur3_vision_control': PYTHONPATH=/home/delia/Documents/MUAR/ProyectoREC/ur3_vision_control/build/ur3_vision_control/prefix_override:/usr/lib/python3/dist-packages/colcon_core/task/python/colcon_distutils_commands:/home/delia/Documents/MUAR/ProyectoREC/ur3_vision_control/install/ur3_vision_control/lib/python3.10/site-packages:${PYTHONPATH} /usr/bin/python3 -W ignore:setup.py install is deprecated -W ignore:easy_install command is deprecated setup.py egg_info --egg-base ../build/ur3_vision_control build --build-base /home/delia/Documents/MUAR/ProyectoREC/ur3_vision_control/build/ur3_vision_control/build install --record /home/delia/Documents/MUAR/ProyectoREC/ur3_vision_control/build/ur3_vision_control/install.log --single-version-externally-managed install_data
[0.653s] running egg_info
[0.653s] creating ../build/ur3_vision_control/ur3_vision_control.egg-info
[0.654s] writing ../build/ur3_vision_control/ur3_vision_control.egg-info/PKG-INFO
[0.654s] writing dependency_links to ../build/ur3_vision_control/ur3_vision_control.egg-info/dependency_links.txt
[0.654s] writing entry points to ../build/ur3_vision_control/ur3_vision_control.egg-info/entry_points.txt
[0.654s] writing requirements to ../build/ur3_vision_control/ur3_vision_control.egg-info/requires.txt
[0.654s] writing top-level names to ../build/ur3_vision_control/ur3_vision_control.egg-info/top_level.txt
[0.654s] writing manifest file '../build/ur3_vision_control/ur3_vision_control.egg-info/SOURCES.txt'
[0.656s] reading manifest file '../build/ur3_vision_control/ur3_vision_control.egg-info/SOURCES.txt'
[0.656s] writing manifest file '../build/ur3_vision_control/ur3_vision_control.egg-info/SOURCES.txt'
[0.656s] running build
[0.657s] running build_py
[0.657s] creating /home/delia/Documents/MUAR/ProyectoREC/ur3_vision_control/build/ur3_vision_control/build
[0.657s] creating /home/delia/Documents/MUAR/ProyectoREC/ur3_vision_control/build/ur3_vision_control/build/lib
[0.657s] creating /home/delia/Documents/MUAR/ProyectoREC/ur3_vision_control/build/ur3_vision_control/build/lib/ur3_vision_control
[0.657s] copying ur3_vision_control/vision_fake_sort.py -> /home/delia/Documents/MUAR/ProyectoREC/ur3_vision_control/build/ur3_vision_control/build/lib/ur3_vision_control
[0.657s] copying ur3_vision_control/inicio.py -> /home/delia/Documents/MUAR/ProyectoREC/ur3_vision_control/build/ur3_vision_control/build/lib/ur3_vision_control
[0.657s] copying ur3_vision_control/vision_fake.py -> /home/delia/Documents/MUAR/ProyectoREC/ur3_vision_control/build/ur3_vision_control/build/lib/ur3_vision_control
[0.657s] copying ur3_vision_control/ur3_controller.py -> /home/delia/Documents/MUAR/ProyectoREC/ur3_vision_control/build/ur3_vision_control/build/lib/ur3_vision_control
[0.657s] copying ur3_vision_control/ur3_pick_sort.py -> /home/delia/Documents/MUAR/ProyectoREC/ur3_vision_control/build/ur3_vision_control/build/lib/ur3_vision_control
[0.657s] copying ur3_vision_control/ur3_moveit_test.py -> /home/delia/Documents/MUAR/ProyectoREC/ur3_vision_control/build/ur3_vision_control/build/lib/ur3_vision_control
[0.657s] copying ur3_vision_control/__init__.py -> /home/delia/Documents/MUAR/ProyectoREC/ur3_vision_control/build/ur3_vision_control/build/lib/ur3_vision_control
[0.657s] running install
[0.657s] running install_lib
[0.657s] creating /home/delia/Documents/MUAR/ProyectoREC/ur3_vision_control/install/ur3_vision_control/lib/python3.10/site-packages/ur3_vision_control
[0.657s] copying /home/delia/Documents/MUAR/ProyectoREC/ur3_vision_control/build/ur3_vision_control/build/lib/ur3_vision_control/vision_fake_sort.py -> /home/delia/Documents/MUAR/ProyectoREC/ur3_vision_control/install/ur3_vision_control/lib/python3.10/site-packages/ur3_vision_control
[0.657s] copying /home/delia/Documents/MUAR/ProyectoREC/ur3_vision_control/build/ur3_vision_control/build/lib/ur3_vision_control/inicio.py -> /home/delia/Documents/MUAR/ProyectoREC/ur3_vision_control/install/ur3_vision_control/lib/python3.10/site-packages/ur3_vision_control
[0.657s] copying /home/delia/Documents/MUAR/ProyectoREC/ur3_vision_control/build/ur3_vision_control/build/lib/ur3_vision_control/vision_fake.py -> /home/delia/Documents/MUAR/ProyectoREC/ur3_vision_control/install/ur3_vision_control/lib/python3.10/site-packages/ur3_vision_control
[0.657s] copying /home/delia/Documents/MUAR/ProyectoREC/ur3_vision_control/build/ur3_vision_control/build/lib/ur3_vision_control/ur3_controller.py -> /home/delia/Documents/MUAR/ProyectoREC/ur3_vision_control/install/ur3_vision_control/lib/python3.10/site-packages/ur3_vision_control
[0.657s] copying /home/delia/Documents/MUAR/ProyectoREC/ur3_vision_control/build/ur3_vision_control/build/lib/ur3_vision_control/ur3_pick_sort.py -> /home/delia/Documents/MUAR/ProyectoREC/ur3_vision_control/install/ur3_vision_control/lib/python3.10/site-packages/ur3_vision_control
[0.658s] copying /home/delia/Documents/MUAR/ProyectoREC/ur3_vision_control/build/ur3_vision_control/build/lib/ur3_vision_control/ur3_moveit_test.py -> /home/delia/Documents/MUAR/ProyectoREC/ur3_vision_control/install/ur3_vision_control/lib/python3.10/site-packages/ur3_vision_control
[0.658s] copying /home/delia/Documents/MUAR/ProyectoREC/ur3_vision_control/build/ur3_vision_control/build/lib/ur3_vision_control/__init__.py -> /home/delia/Documents/MUAR/ProyectoREC/ur3_vision_control/install/ur3_vision_control/lib/python3.10/site-packages/ur3_vision_control
[0.658s] byte-compiling /home/delia/Documents/MUAR/ProyectoREC/ur3_vision_control/install/ur3_vision_control/lib/python3.10/site-packages/ur3_vision_control/vision_fake_sort.py to vision_fake_sort.cpython-310.pyc
[0.658s] byte-compiling /home/delia/Documents/MUAR/ProyectoREC/ur3_vision_control/install/ur3_vision_control/lib/python3.10/site-packages/ur3_vision_control/inicio.py to inicio.cpython-310.pyc
[0.659s] byte-compiling /home/delia/Documents/MUAR/ProyectoREC/ur3_vision_control/install/ur3_vision_control/lib/python3.10/site-packages/ur3_vision_control/vision_fake.py to vision_fake.cpython-310.pyc
[0.659s] byte-compiling /home/delia/Documents/MUAR/ProyectoREC/ur3_vision_control/install/ur3_vision_control/lib/python3.10/site-packages/ur3_vision_control/ur3_controller.py to ur3_controller.cpython-310.pyc
[0.659s] byte-compiling /home/delia/Documents/MUAR/ProyectoREC/ur3_vision_control/install/ur3_vision_control/lib/python3.10/site-packages/ur3_vision_control/ur3_pick_sort.py to ur3_pick_sort.cpython-310.pyc
[0.665s] byte-compiling /home/delia/Documents/MUAR/ProyectoREC/ur3_vision_control/install/ur3_vision_control/lib/python3.10/site-packages/ur3_vision_control/ur3_moveit_test.py to ur3_moveit_test.cpython-310.pyc
[0.666s] byte-compiling /home/delia/Documents/MUAR/ProyectoREC/ur3_vision_control/install/ur3_vision_control/lib/python3.10/site-packages/ur3_vision_control/__init__.py to __init__.cpython-310.pyc
[0.666s] running install_data
[0.666s] creating /home/delia/Documents/MUAR/ProyectoREC/ur3_vision_control/install/ur3_vision_control/share/ament_index
[0.666s] creating /home/delia/Documents/MUAR/ProyectoREC/ur3_vision_control/install/ur3_vision_control/share/ament_index/resource_index
[0.666s] creating /home/delia/Documents/MUAR/ProyectoREC/ur3_vision_control/install/ur3_vision_control/share/ament_index/resource_index/packages
[0.666s] copying resource/ur3_vision_control -> /home/delia/Documents/MUAR/ProyectoREC/ur3_vision_control/install/ur3_vision_control/share/ament_index/resource_index/packages
[0.666s] copying package.xml -> /home/delia/Documents/MUAR/ProyectoREC/ur3_vision_control/install/ur3_vision_control/share/ur3_vision_control
[0.666s] running install_egg_info
[0.667s] Copying ../build/ur3_vision_control/ur3_vision_control.egg-info to /home/delia/Documents/MUAR/ProyectoREC/ur3_vision_control/install/ur3_vision_control/lib/python3.10/site-packages/ur3_vision_control-0.0.0-py3.10.egg-info
[0.667s] running install_scripts
[0.680s] Installing inicio script to /home/delia/Documents/MUAR/ProyectoREC/ur3_vision_control/install/ur3_vision_control/lib/ur3_vision_control
[0.680s] Installing ur3_controller script to /home/delia/Documents/MUAR/ProyectoREC/ur3_vision_control/install/ur3_vision_control/lib/ur3_vision_control
[0.680s] Installing ur3_moveit_test script to /home/delia/Documents/MUAR/ProyectoREC/ur3_vision_control/install/ur3_vision_control/lib/ur3_vision_control
[0.680s] Installing ur3_pick_sort script to /home/delia/Documents/MUAR/ProyectoREC/ur3_vision_control/install/ur3_vision_control/lib/ur3_vision_control
[0.680s] Installing vision_fake script to /home/delia/Documents/MUAR/ProyectoREC/ur3_vision_control/install/ur3_vision_control/lib/ur3_vision_control
[0.680s] Installing vision_fake_sort script to /home/delia/Documents/MUAR/ProyectoREC/ur3_vision_control/install/ur3_vision_control/lib/ur3_vision_control
[0.680s] writing list of installed files to '/home/delia/Documents/MUAR/ProyectoREC/ur3_vision_control/build/ur3_vision_control/install.log'
[0.695s] Invoked command in '/home/delia/Documents/MUAR/ProyectoREC/ur3_vision_control/ur3_vision_control' returned '0': PYTHONPATH=/home/delia/Documents/MUAR/ProyectoREC/ur3_vision_control/build/ur3_vision_control/prefix_override:/usr/lib/python3/dist-packages/colcon_core/task/python/colcon_distutils_commands:/home/delia/Documents/MUAR/ProyectoREC/ur3_vision_control/install/ur3_vision_control/lib/python3.10/site-packages:${PYTHONPATH} /usr/bin/python3 -W ignore:setup.py install is deprecated -W ignore:easy_install command is deprecated setup.py egg_info --egg-base ../build/ur3_vision_control build --build-base /home/delia/Documents/MUAR/ProyectoREC/ur3_vision_control/build/ur3_vision_control/build install --record /home/delia/Documents/MUAR/ProyectoREC/ur3_vision_control/build/ur3_vision_control/install.log --single-version-externally-managed install_data
